// Vitest Snapshot v1, https://vitest.dev/guide/snapshot.html

exports[`setQuadColor > normalizes 0-255 components to 0-1 and writes them to the palette 1`] = `
[
  1,
  0,
  0.501960813999176,
  0,
  0,
  0,
]
`;

exports[`setQuadColor > updates colors at the specified quad index 1`] = `
[
  0,
  0,
  0,
  0.03921568766236305,
  0.0784313753247261,
  0.11764705926179886,
  0,
  0,
  0,
]
`;
