// Vitest Snapshot v1, https://vitest.dev/guide/snapshot.html

exports[`fillBufferWithCuboidVertices > fills a buffer with cuboid vertices at the origin 1`] = `
[
  -1,
  -2,
  3,
  1,
  -2,
  3,
  -1,
  2,
  3,
  -1,
  2,
  3,
  1,
  -2,
  3,
  1,
  2,
  3,
  -1,
  -2,
  -3,
  -1,
  2,
  -3,
  1,
  -2,
  -3,
  -1,
  2,
  -3,
  1,
  2,
  -3,
  1,
  -2,
  -3,
  -1,
  -2,
  -3,
  -1,
  -2,
  3,
  -1,
  2,
  -3,
  -1,
  2,
  -3,
  -1,
  -2,
  3,
  -1,
  2,
  3,
  1,
  -2,
  -3,
  1,
  2,
  -3,
  1,
  -2,
  3,
  1,
  2,
  -3,
  1,
  2,
  3,
  1,
  -2,
  3,
  -1,
  2,
  -3,
  -1,
  2,
  3,
  1,
  2,
  -3,
  -1,
  2,
  3,
  1,
  2,
  3,
  1,
  2,
  -3,
  -1,
  -2,
  -3,
  1,
  -2,
  -3,
  -1,
  -2,
  3,
  -1,
  -2,
  3,
  1,
  -2,
  -3,
  1,
  -2,
  3,
]
`;

exports[`fillBufferWithCuboidVertices > fills a buffer with cuboid vertices using an offset and custom center 1`] = `
[
  -1.75,
  -0.75,
  3.75,
  -0.25,
  -0.75,
  3.75,
  -1.75,
  1.75,
  3.75,
  -1.75,
  1.75,
  3.75,
  -0.25,
  -0.75,
  3.75,
  -0.25,
  1.75,
  3.75,
  -1.75,
  -0.75,
  0.25,
  -1.75,
  1.75,
  0.25,
  -0.25,
  -0.75,
  0.25,
  -1.75,
  1.75,
  0.25,
  -0.25,
  1.75,
  0.25,
  -0.25,
  -0.75,
  0.25,
  -1.75,
  -0.75,
  0.25,
  -1.75,
  -0.75,
  3.75,
  -1.75,
  1.75,
  0.25,
  -1.75,
  1.75,
  0.25,
  -1.75,
  -0.75,
  3.75,
  -1.75,
  1.75,
  3.75,
  -0.25,
  -0.75,
  0.25,
  -0.25,
  1.75,
  0.25,
  -0.25,
  -0.75,
  3.75,
  -0.25,
  1.75,
  0.25,
  -0.25,
  1.75,
  3.75,
  -0.25,
  -0.75,
  3.75,
  -1.75,
  1.75,
  0.25,
  -1.75,
  1.75,
  3.75,
  -0.25,
  1.75,
  0.25,
  -1.75,
  1.75,
  3.75,
  -0.25,
  1.75,
  3.75,
  -0.25,
  1.75,
  0.25,
  -1.75,
  -0.75,
  0.25,
  -0.25,
  -0.75,
  0.25,
  -1.75,
  -0.75,
  3.75,
  -1.75,
  -0.75,
  3.75,
  -0.25,
  -0.75,
  0.25,
  -0.25,
  -0.75,
  3.75,
]
`;
