// Vitest Snapshot v1, https://vitest.dev/guide/snapshot.html

exports[`fillBufferWithCubeVertices > fills a buffer with cube vertices at the origin 1`] = `
[
  -1,
  -1,
  1,
  1,
  -1,
  1,
  -1,
  1,
  1,
  -1,
  1,
  1,
  1,
  -1,
  1,
  1,
  1,
  1,
  -1,
  -1,
  -1,
  -1,
  1,
  -1,
  1,
  -1,
  -1,
  -1,
  1,
  -1,
  1,
  1,
  -1,
  1,
  -1,
  -1,
  -1,
  -1,
  -1,
  -1,
  -1,
  1,
  -1,
  1,
  -1,
  -1,
  1,
  -1,
  -1,
  -1,
  1,
  -1,
  1,
  1,
  1,
  -1,
  -1,
  1,
  1,
  -1,
  1,
  -1,
  1,
  1,
  1,
  -1,
  1,
  1,
  1,
  1,
  -1,
  1,
  -1,
  1,
  -1,
  -1,
  1,
  1,
  1,
  1,
  -1,
  -1,
  1,
  1,
  1,
  1,
  1,
  1,
  1,
  -1,
  -1,
  -1,
  -1,
  1,
  -1,
  -1,
  -1,
  -1,
  1,
  -1,
  -1,
  1,
  1,
  -1,
  -1,
  1,
  -1,
  1,
]
`;

exports[`fillBufferWithCubeVertices > fills a buffer with cube vertices using an offset and custom center 1`] = `
[
  -0.5,
  -3.5,
  2,
  2.5,
  -3.5,
  2,
  -0.5,
  -0.5,
  2,
  -0.5,
  -0.5,
  2,
  2.5,
  -3.5,
  2,
  2.5,
  -0.5,
  2,
  -0.5,
  -3.5,
  -1,
  -0.5,
  -0.5,
  -1,
  2.5,
  -3.5,
  -1,
  -0.5,
  -0.5,
  -1,
  2.5,
  -0.5,
  -1,
  2.5,
  -3.5,
  -1,
  -0.5,
  -3.5,
  -1,
  -0.5,
  -3.5,
  2,
  -0.5,
  -0.5,
  -1,
  -0.5,
  -0.5,
  -1,
  -0.5,
  -3.5,
  2,
  -0.5,
  -0.5,
  2,
  2.5,
  -3.5,
  -1,
  2.5,
  -0.5,
  -1,
  2.5,
  -3.5,
  2,
  2.5,
  -0.5,
  -1,
  2.5,
  -0.5,
  2,
  2.5,
  -3.5,
  2,
  -0.5,
  -0.5,
  -1,
  -0.5,
  -0.5,
  2,
  2.5,
  -0.5,
  -1,
  -0.5,
  -0.5,
  2,
  2.5,
  -0.5,
  2,
  2.5,
  -0.5,
  -1,
  -0.5,
  -3.5,
  -1,
  2.5,
  -3.5,
  -1,
  -0.5,
  -3.5,
  2,
  -0.5,
  -3.5,
  2,
  2.5,
  -3.5,
  -1,
  2.5,
  -3.5,
  2,
]
`;
