// Vitest Snapshot v1, https://vitest.dev/guide/snapshot.html

exports[`scale > composes transforms via helpers 1`] = `
[
  [
    0.707107,
    1.853553,
    0.253653,
    0,
  ],
  [
    -1.224745,
    0.253653,
    1.56066,
    0,
  ],
  [
    1.414214,
    -0.707107,
    1.224745,
    0,
  ],
  [
    5,
    -3,
    2,
    1,
  ],
]
`;

exports[`scale > supports writing into a separate destination 1`] = `
[
  [
    2,
    0,
    0,
    0,
  ],
  [
    0,
    3,
    0,
    0,
  ],
  [
    0,
    0,
    4,
    0,
  ],
  [
    1,
    2,
    3,
    1,
  ],
]
`;
